[www.kouthair.tn/index.html]
[backblue.gif]
[fade.gif]
[index.html]
[www.kouthair.tn/crypto/bootstrap/css/bootstrap.min.css]
[www.kouthair.tn/crypto/font-awesome/css/font-awesome.min.css]
[www.kouthair.tn/crypto/nivo-lightbox/nivo-lightbox.css]
[www.kouthair.tn/crypto/nivo-lightbox/themes/default/default.css]
[www.kouthair.tn/crypto/animate.css]
[www.kouthair.tn/css/styles.css]
[www.kouthair.tn/cv.pdf]
[www.kouthair.tn/img/avatar.jpg]
[ajax.googleapis.com/ajax/libs/jquery/1.11.0/jquery.min.js]
[www.kouthair.tn/crypto/bootstrap/js/bootstrap.min.js]
[cdnjs.cloudflare.com/ajax/libs/jquery-easing/1.3/jquery.easing.min.js]
[www.kouthair.tn/crypto/jquery.mousewheel.min.js]
[www.kouthair.tn/crypto/jquery.nicescroll.min.js]
[www.kouthair.tn/crypto/jquery.nicescroll.plus.js]
[www.kouthair.tn/crypto/nivo-lightbox/nivo-lightbox.min.js]
[www.kouthair.tn/crypto/jquery.bxslider.min.js]
[www.kouthair.tn/crypto/placeholders.jquery.min.js]
[www.kouthair.tn/crypto/jquery.validate.min.js]
[www.kouthair.tn/js/cross-browser.js]
[www.google-analytics.com/analytics.js]
[www.kouthair.tn/index.html]
[www.kouthair.tn/js/main.js]
[www.kouthair.tn/crypto/bootstrap/fonts/glyphicons-halflings-regular.eot]
[www.kouthair.tn/crypto/bootstrap/fonts/glyphicons-halflings-regulard41dd41d.eot]
[www.kouthair.tn/crypto/bootstrap/fonts/glyphicons-halflings-regular.woff]
[www.kouthair.tn/crypto/bootstrap/fonts/glyphicons-halflings-regular.ttf]
[www.kouthair.tn/crypto/bootstrap/css/bootstrap.min.css]
[www.kouthair.tn/crypto/font-awesome/fonts/fontawesome-webfont862f862f.eot]
[www.kouthair.tn/crypto/font-awesome/fonts/fontawesome-webfont862f862f.woff]
[www.kouthair.tn/crypto/font-awesome/fonts/fontawesome-webfont862f862f.ttf]
[www.kouthair.tn/crypto/font-awesome/css/font-awesome.min.css]
[www.kouthair.tn/crypto/nivo-lightbox/nivo-lightbox.css]
[www.kouthair.tn/crypto/nivo-lightbox/themes/default/loading.gif]
[www.kouthair.tn/crypto/nivo-lightbox/themes/default/prev.png]
[www.kouthair.tn/crypto/nivo-lightbox/themes/default/next.png]
[www.kouthair.tn/crypto/nivo-lightbox/themes/default/close.png]
[www.kouthair.tn/crypto/nivo-lightbox/themes/default/loading@2x.gif]
[www.kouthair.tn/crypto/nivo-lightbox/themes/default/prev@2x.png]
[www.kouthair.tn/crypto/nivo-lightbox/themes/default/next@2x.png]
[www.kouthair.tn/crypto/nivo-lightbox/themes/default/default.css]
[www.kouthair.tn/crypto/animate.css]
[www.kouthair.tn/img/background2.jpg]
[www.kouthair.tn/img/paper-bg2.png]
[www.kouthair.tn/img/paper-bg-bot.png]
[www.kouthair.tn/img/timeline-bg.png]
[www.kouthair.tn/img/progress-bar.png]
[www.kouthair.tn/img/progress-point.png]
[www.kouthair.tn/img/progress-education4.png]
[www.kouthair.tn/img/progress-work3.png]
[www.kouthair.tn/img/progress-mail3.png]
[www.kouthair.tn/img/progress-section-title3.png]
[www.kouthair.tn/css/styles.css]
[www.kouthair.tn/favicon-vertica.html]
[www.kouthair.tn/apple-touch-icon-144.html]
[www.kouthair.tn/apple-touch-icon-114-precomposed.html]
[www.kouthair.tn/apple-touch-icon-72-precomposed.html]
[www.kouthair.tn/apple-touch-icon-57.html]
[www.kouthair.tn/CV.html]
[www.kouthair.tn/crypto/bootstrap/fonts/glyphicons-halflings-regular.svg]
[www.kouthair.tn/crypto/waypoints.min.js]
[www.kouthair.tn/crypto/font-awesome/fonts/fontawesome-webfontd41dd41d.eot]
[www.kouthair.tn/crypto/nivo-lightbox/themes/default/close@2x.png]
[www.kouthair.tn/crypto/font-awesome/fonts/fontawesome-webfont862f862f.svg]
